2025-03-14 13:39:31 [DEBUG] whatsapp_bot: Logger initialized with level DEBUG
2025-03-14 13:39:31 [INFO] whatsapp_bot: Starting WhatsApp Group Summary Bot...
2025-03-14 13:39:31 [INFO] whatsapp_bot: Initializing components...
2025-03-14 13:40:03 [DEBUG] whatsapp_bot: Logger initialized with level DEBUG
2025-03-14 13:40:03 [INFO] whatsapp_bot: Starting WhatsApp Group Summary Bot...
2025-03-14 13:40:03 [INFO] whatsapp_bot: Initializing components...
2025-03-14 13:40:49 [DEBUG] whatsapp_bot: Logger initialized with level DEBUG
2025-03-14 13:40:49 [INFO] whatsapp_bot: Starting WhatsApp Group Summary Bot...
2025-03-14 13:40:49 [INFO] whatsapp_bot: Initializing components...
2025-03-14 13:40:52 [INFO] whatsapp_bot: Connected to group: Custom Beer Node - קבוצה למפגשים וחפירות על כלי בינה מלאכותית (ID: 120363271484974874@g.us)
2025-03-14 13:40:52 [INFO] whatsapp_bot: Running scheduled summary for group 120363271484974874@g.us
2025-03-14 13:40:58 [INFO] whatsapp_bot: Stored 0 messages in database
2025-03-14 13:41:06 [INFO] whatsapp_bot: Summary stored in database
2025-03-14 13:41:07 [INFO] whatsapp_bot: Summary sent to group 120363271484974874@g.us
2025-03-14 13:41:07 [INFO] whatsapp_bot: Summary content: ### סיכום שיחת קבוצת WhatsApp - Custom Beer Node (14 במרץ 2025)

#### 1. פרויקטים ופיתוחים:
- **Sesame** - Oded Becker הציג כלי קוד פתוח לפיתוח בתחום הבינה המלאכותית.

#### 2. כלים וטכנולוגיות:
- **ComfyUI** - כלי להסרת רקעים בגרסה 2.0, הוצג על ידי ליאור.
- **Hedra** - אתר חדש בתחום, הוצג על ידי Itay.

#### 3. בעיות טכניות:
- **זליגת מתח** - V.K.Riez הציע להכניס את ה-GPU לסטרס עם טסט סינטטי כדי לאמת בעיות.
- **כיבוי מסך** - Beep Beep דיווח על בעיה זו, ו-SoundGuy הציע לבדוק את חיבורי ה-HDMI.

#### 4. משאבים ומאמרים:
- **מאמר על AI** - שיתף Asaf.
- **דמו של Relight** - שיתף אברהם יצחק מאיר.
- **Flying Effect Model** - שיתף derechlev.

#### 5. שאלות פתוחות:
- **דרישות לאימון מודל לורה** - הועלה על ידי Maya.

#### 6. חידושים:
- דיונים על חידושים בתחום הבינה המלאכותית הגנרטיבית לא הוזכרו.

#### 7. קישורים רלוונטיים:
- [Sesame GitHub](https://github.com/SesameAILabs/csm)
- [ComfyUI](https://github.com/1038lab/ComfyUI-RMBG)
- [Hedra](https://www.hedra.com/)

בסך הכל, השיחה כללה עדכונים על כלים חדשים, בעיות טכניות, שיתופים של משאבים, ושאלות פתוחות לעתיד.
2025-03-14 13:41:07 [INFO] whatsapp_bot: Summary task scheduled to run every 99999 hours
2025-03-14 13:41:07 [INFO] whatsapp_bot: Bot is running. Press Ctrl+C to stop.
2025-03-14 13:41:27 [INFO] whatsapp_bot: Shutdown signal received
2025-03-14 13:41:28 [INFO] whatsapp_bot: Shutting down WhatsApp Group Summary Bot...
2025-03-14 13:46:45 [INFO] whatsapp_bot: Starting WhatsApp Group Summary Bot Menu...
2025-03-14 13:46:45 [INFO] whatsapp_bot: Starting component initialization
2025-03-14 13:46:45 [INFO] whatsapp_bot: Environment variables loaded
2025-03-14 13:46:45 [INFO] whatsapp_bot: User settings loaded successfully
2025-03-14 13:46:45 [INFO] whatsapp_bot: User settings loaded
2025-03-14 13:46:45 [INFO] whatsapp_bot: Initializing Green API client...
2025-03-14 13:46:45 [INFO] whatsapp_bot: Initializing Group Manager...
2025-03-14 13:46:45 [INFO] whatsapp_bot: Initializing OpenAI client...
2025-03-14 13:46:45 [INFO] whatsapp_bot: Initializing Message Processor...
2025-03-14 13:46:45 [INFO] whatsapp_bot: Initializing Supabase client...
2025-03-14 13:46:47 [INFO] whatsapp_bot: Testing Supabase connection...
2025-03-14 13:46:47 [ERROR] whatsapp_bot: Failed to initialize Supabase client: Invalid response format from Supabase
Traceback (most recent call last):
  File "D:\MY PROJECTS\AI\LLM\AI Code Gen\my-builds\Bots\custom-beer-bot-v7\menu\core.py", line 130, in initialize_components
    raise ConnectionError("Invalid response format from Supabase")
ConnectionError: Invalid response format from Supabase
2025-03-14 13:46:47 [ERROR] whatsapp_bot: Component initialization failed: Failed to connect to Supabase: Invalid response format from Supabase
Traceback (most recent call last):
  File "D:\MY PROJECTS\AI\LLM\AI Code Gen\my-builds\Bots\custom-beer-bot-v7\menu\core.py", line 130, in initialize_components
    raise ConnectionError("Invalid response format from Supabase")
ConnectionError: Invalid response format from Supabase

During handling of the above exception, another exception occurred:

Traceback (most recent call last):
  File "D:\MY PROJECTS\AI\LLM\AI Code Gen\my-builds\Bots\custom-beer-bot-v7\menu\core.py", line 134, in initialize_components
    raise ConnectionError(f"Failed to connect to Supabase: {str(e)}")
ConnectionError: Failed to connect to Supabase: Invalid response format from Supabase
2025-03-14 13:46:47 [ERROR] whatsapp_bot: Fatal error during initialization: Failed to connect to Supabase: Invalid response format from Supabase
Traceback (most recent call last):
  File "D:\MY PROJECTS\AI\LLM\AI Code Gen\my-builds\Bots\custom-beer-bot-v7\menu\core.py", line 130, in initialize_components
    raise ConnectionError("Invalid response format from Supabase")
ConnectionError: Invalid response format from Supabase

During handling of the above exception, another exception occurred:

Traceback (most recent call last):
  File "D:\MY PROJECTS\AI\LLM\AI Code Gen\my-builds\Bots\custom-beer-bot-v7\menu\core.py", line 134, in initialize_components
    raise ConnectionError(f"Failed to connect to Supabase: {str(e)}")
ConnectionError: Failed to connect to Supabase: Invalid response format from Supabase
2025-03-14 13:46:47 [ERROR] whatsapp_bot: Fatal error (attempt 1/3): Failed to connect to Supabase: Invalid response format from Supabase
Traceback (most recent call last):
  File "D:\MY PROJECTS\AI\LLM\AI Code Gen\my-builds\Bots\custom-beer-bot-v7\menu\core.py", line 130, in initialize_components
    raise ConnectionError("Invalid response format from Supabase")
ConnectionError: Invalid response format from Supabase

During handling of the above exception, another exception occurred:

Traceback (most recent call last):
  File "D:\MY PROJECTS\AI\LLM\AI Code Gen\my-builds\Bots\custom-beer-bot-v7\menu\core.py", line 177, in run_main_menu
    components = initialize_components()
  File "D:\MY PROJECTS\AI\LLM\AI Code Gen\my-builds\Bots\custom-beer-bot-v7\menu\core.py", line 134, in initialize_components
    raise ConnectionError(f"Failed to connect to Supabase: {str(e)}")
ConnectionError: Failed to connect to Supabase: Invalid response format from Supabase
2025-03-14 13:49:56 [INFO] whatsapp_bot: Starting WhatsApp Group Summary Bot Menu...
2025-03-14 13:49:56 [INFO] whatsapp_bot: Starting component initialization
2025-03-14 13:49:56 [INFO] whatsapp_bot: Environment variables loaded
2025-03-14 13:49:56 [INFO] whatsapp_bot: User settings loaded successfully
2025-03-14 13:49:56 [INFO] whatsapp_bot: User settings loaded
2025-03-14 13:49:56 [INFO] whatsapp_bot: Initializing Green API client...
2025-03-14 13:49:56 [INFO] whatsapp_bot: Initializing Group Manager...
2025-03-14 13:49:56 [INFO] whatsapp_bot: Initializing OpenAI client...
2025-03-14 13:49:56 [INFO] whatsapp_bot: Initializing Message Processor...
2025-03-14 13:49:56 [INFO] whatsapp_bot: Initializing Supabase client...
2025-03-14 13:49:57 [INFO] whatsapp_bot: Supabase client initialized successfully
2025-03-14 13:49:57 [INFO] whatsapp_bot: All components initialized successfully
2025-03-14 13:49:57 [INFO] whatsapp_bot: Main menu started successfully
2025-03-14 13:50:36 [INFO] whatsapp_bot: Starting summary generation flow
2025-03-14 13:50:45 [INFO] whatsapp_bot: Group selected: Custom Beer Node - קבוצה למפגשים וחפירות על כלי בינה מלאכותית
2025-03-14 13:50:47 [INFO] whatsapp_bot: Time period selected: 1 days
2025-03-14 13:51:00 [ERROR] whatsapp_bot: Invalid summary generated
2025-03-14 13:51:07 [INFO] whatsapp_bot: Starting summary generation flow
2025-03-14 13:51:10 [INFO] whatsapp_bot: Group selected: Custom Beer Node - קבוצה למפגשים וחפירות על כלי בינה מלאכותית
2025-03-14 13:51:12 [INFO] whatsapp_bot: Time period selected: 1 days
2025-03-14 13:51:15 [ERROR] whatsapp_bot: Invalid summary generated
2025-03-14 20:08:03 [DEBUG] whatsapp_bot: Logger initialized with level DEBUG
2025-03-14 20:08:03 [INFO] whatsapp_bot: Starting WhatsApp Group Summary Bot...
2025-03-14 20:08:03 [INFO] whatsapp_bot: Initializing components...
2025-03-14 20:08:03 [INFO] whatsapp_bot: Initializing Supabase client...
2025-03-14 20:08:05 [INFO] whatsapp_bot: Supabase client initialized successfully
2025-03-14 20:08:07 [INFO] whatsapp_bot: Connected to group: Custom Beer Node - קבוצה למפגשים וחפירות על כלי בינה מלאכותית (ID: 120363271484974874@g.us)
2025-03-14 20:08:07 [INFO] whatsapp_bot: Running scheduled summary for group 120363271484974874@g.us
2025-03-14 20:08:15 [INFO] whatsapp_bot: Stored 29 messages in database
2025-03-14 20:08:22 [INFO] whatsapp_bot: Summary stored in database
2025-03-14 20:08:22 [INFO] whatsapp_bot: ⛔ Message sending is currently disabled for safety.
2025-03-14 20:08:22 [INFO] whatsapp_bot: Summary not sent to group.
2025-03-14 20:08:22 [INFO] whatsapp_bot: Summary content: ## סיכום שיחות קבוצת Custom Beer Node
### תאריך: 14 במרץ 2025 | תקופה: יום השיחה

### 😂 בדיחת AI היום:
למה הבינה המלאכותית לא מצליחה לספר בדיחות? כי היא תמיד מחפשת את הפאנצ'ליין בפורמט!

### 1. פרויקטים ופיתוחים שהוצגו
- **Sesame** - Oded Becker - כלי קוד פתוח לפיתוח בתחום הבינה המלאכותית.

### 2. תוצרים ודמואים שהוצגו
- **דמו של Relight** - אברהם יצחק מאיר - דמו להדגמת יכולות תוכנה בתחום.

### 3. כלים וטכנולוגיות חדשים שנדונו
- **ComfyUI** - ליאור - כלי להסרת רקעים בגרסה 2.0.
- **Hedra** - Itay - אתר חדש בתחום.

### 4. בעיות טכניות ופתרונות שהוצעו
- **זליגת מתח** - V.K.Riez - הציע להכניס את ה-GPU לסטרס עם טסט סינטטי.
- **כיבוי מסך** - Beep Beep - דיווח על בעיה ו-SoundGuy הציע לבדוק את חיבורי ה-HDMI.

### 5. משאבים ומאמרים שהועברו
- **מאמר על AI** - שיתף Asaf.
- **Flying Effect Model** - שיתף derechlev.

### 6. שאלות פתוחות ותחומי עניין לעתיד
- **דרישות לאימון מודל לורה** - הועלה על ידי Maya.

### 7. חידושים בתחום בינה מלאכותית גנרטיבית
- לא הוזכרו חידושים בתחום.

### 8. קישורים רלוונטיים
- [Sesame GitHub](https://github.com/SesameAILabs/csm)
- [ComfyUI](https://github.com/1038lab/ComfyUI-RMBG)
- [Hedra](https://www.hedra.com/)

השיחה כללה עדכונים על פרויקטים וכלים חדשים, תוצרים שהוצגו, בעיות טכניות עם פתרונות, ומשאבים שהועברו.
2025-03-14 20:08:22 [INFO] whatsapp_bot: Summary task scheduled to run every 99999 hours
2025-03-14 20:08:22 [INFO] whatsapp_bot: Bot is running. Press Ctrl+C to stop.
2025-03-14 20:08:57 [INFO] whatsapp_bot: Shutdown signal received
2025-03-14 20:08:57 [INFO] whatsapp_bot: Shutting down WhatsApp Group Summary Bot...
2025-03-14 20:15:30 [INFO] whatsapp_bot: Starting WhatsApp Group Summary Bot Menu...
2025-03-14 20:15:30 [INFO] whatsapp_bot: Starting component initialization
2025-03-14 20:15:30 [INFO] whatsapp_bot: Environment variables loaded
2025-03-14 20:15:30 [INFO] whatsapp_bot: Loaded 1 user settings
2025-03-14 20:15:30 [INFO] whatsapp_bot: User settings loaded
2025-03-14 20:15:30 [INFO] whatsapp_bot: Initializing Green API client...
2025-03-14 20:15:30 [INFO] whatsapp_bot: Initializing Group Manager...
2025-03-14 20:15:30 [INFO] whatsapp_bot: Initializing OpenAI client...
2025-03-14 20:15:30 [INFO] whatsapp_bot: Initializing Message Processor...
2025-03-14 20:15:30 [INFO] whatsapp_bot: Initializing Supabase client...
2025-03-14 20:15:31 [INFO] whatsapp_bot: Supabase client initialized successfully
2025-03-14 20:15:31 [INFO] whatsapp_bot: All components initialized successfully
2025-03-14 20:15:31 [INFO] whatsapp_bot: Main menu started successfully
