2025-03-14 13:39:31 [DEBUG] whatsapp_bot: Logger initialized with level DEBUG
2025-03-14 13:39:31 [INFO] whatsapp_bot: Starting WhatsApp Group Summary Bot...
2025-03-14 13:39:31 [INFO] whatsapp_bot: Initializing components...
2025-03-14 13:40:03 [DEBUG] whatsapp_bot: Logger initialized with level DEBUG
2025-03-14 13:40:03 [INFO] whatsapp_bot: Starting WhatsApp Group Summary Bot...
2025-03-14 13:40:03 [INFO] whatsapp_bot: Initializing components...
2025-03-14 13:40:49 [DEBUG] whatsapp_bot: Logger initialized with level DEBUG
2025-03-14 13:40:49 [INFO] whatsapp_bot: Starting WhatsApp Group Summary Bot...
2025-03-14 13:40:49 [INFO] whatsapp_bot: Initializing components...
2025-03-14 13:40:52 [INFO] whatsapp_bot: Connected to group: Custom Beer Node - ×§×‘×•×¦×” ×œ××¤×’×©×™× ×•×—×¤×™×¨×•×ª ×¢×œ ×›×œ×™ ×‘×™× ×” ××œ××›×•×ª×™×ª (ID: 120363271484974874@g.us)
2025-03-14 13:40:52 [INFO] whatsapp_bot: Running scheduled summary for group 120363271484974874@g.us
2025-03-14 13:40:58 [INFO] whatsapp_bot: Stored 0 messages in database
2025-03-14 13:41:06 [INFO] whatsapp_bot: Summary stored in database
2025-03-14 13:41:07 [INFO] whatsapp_bot: Summary sent to group 120363271484974874@g.us
2025-03-14 13:41:07 [INFO] whatsapp_bot: Summary content: ### ×¡×™×›×•× ×©×™×—×ª ×§×‘×•×¦×ª WhatsApp - Custom Beer Node (14 ×‘××¨×¥ 2025)

#### 1. ×¤×¨×•×™×§×˜×™× ×•×¤×™×ª×•×—×™×:
- **Sesame** - Oded Becker ×”×¦×™×’ ×›×œ×™ ×§×•×“ ×¤×ª×•×— ×œ×¤×™×ª×•×— ×‘×ª×—×•× ×”×‘×™× ×” ×”××œ××›×•×ª×™×ª.

#### 2. ×›×œ×™× ×•×˜×›× ×•×œ×•×’×™×•×ª:
- **ComfyUI** - ×›×œ×™ ×œ×”×¡×¨×ª ×¨×§×¢×™× ×‘×’×¨×¡×” 2.0, ×”×•×¦×’ ×¢×œ ×™×“×™ ×œ×™××•×¨.
- **Hedra** - ××ª×¨ ×—×“×© ×‘×ª×—×•×, ×”×•×¦×’ ×¢×œ ×™×“×™ Itay.

#### 3. ×‘×¢×™×•×ª ×˜×›× ×™×•×ª:
- **×–×œ×™×’×ª ××ª×—** - V.K.Riez ×”×¦×™×¢ ×œ×”×›× ×™×¡ ××ª ×”-GPU ×œ×¡×˜×¨×¡ ×¢× ×˜×¡×˜ ×¡×™× ×˜×˜×™ ×›×“×™ ×œ×××ª ×‘×¢×™×•×ª.
- **×›×™×‘×•×™ ××¡×š** - Beep Beep ×“×™×•×•×— ×¢×œ ×‘×¢×™×” ×–×•, ×•-SoundGuy ×”×¦×™×¢ ×œ×‘×“×•×§ ××ª ×—×™×‘×•×¨×™ ×”-HDMI.

#### 4. ××©××‘×™× ×•××××¨×™×:
- **××××¨ ×¢×œ AI** - ×©×™×ª×£ Asaf.
- **×“××• ×©×œ Relight** - ×©×™×ª×£ ××‘×¨×”× ×™×¦×—×§ ×××™×¨.
- **Flying Effect Model** - ×©×™×ª×£ derechlev.

#### 5. ×©××œ×•×ª ×¤×ª×•×—×•×ª:
- **×“×¨×™×©×•×ª ×œ××™××•×Ÿ ××•×“×œ ×œ×•×¨×”** - ×”×•×¢×œ×” ×¢×œ ×™×“×™ Maya.

#### 6. ×—×™×“×•×©×™×:
- ×“×™×•× ×™× ×¢×œ ×—×™×“×•×©×™× ×‘×ª×—×•× ×”×‘×™× ×” ×”××œ××›×•×ª×™×ª ×”×’× ×¨×˜×™×‘×™×ª ×œ× ×”×•×–×›×¨×•.

#### 7. ×§×™×©×•×¨×™× ×¨×œ×•×•× ×˜×™×™×:
- [Sesame GitHub](https://github.com/SesameAILabs/csm)
- [ComfyUI](https://github.com/1038lab/ComfyUI-RMBG)
- [Hedra](https://www.hedra.com/)

×‘×¡×š ×”×›×œ, ×”×©×™×—×” ×›×œ×œ×” ×¢×“×›×•× ×™× ×¢×œ ×›×œ×™× ×—×“×©×™×, ×‘×¢×™×•×ª ×˜×›× ×™×•×ª, ×©×™×ª×•×¤×™× ×©×œ ××©××‘×™×, ×•×©××œ×•×ª ×¤×ª×•×—×•×ª ×œ×¢×ª×™×“.
2025-03-14 13:41:07 [INFO] whatsapp_bot: Summary task scheduled to run every 99999 hours
2025-03-14 13:41:07 [INFO] whatsapp_bot: Bot is running. Press Ctrl+C to stop.
2025-03-14 13:41:27 [INFO] whatsapp_bot: Shutdown signal received
2025-03-14 13:41:28 [INFO] whatsapp_bot: Shutting down WhatsApp Group Summary Bot...
2025-03-14 13:46:45 [INFO] whatsapp_bot: Starting WhatsApp Group Summary Bot Menu...
2025-03-14 13:46:45 [INFO] whatsapp_bot: Starting component initialization
2025-03-14 13:46:45 [INFO] whatsapp_bot: Environment variables loaded
2025-03-14 13:46:45 [INFO] whatsapp_bot: User settings loaded successfully
2025-03-14 13:46:45 [INFO] whatsapp_bot: User settings loaded
2025-03-14 13:46:45 [INFO] whatsapp_bot: Initializing Green API client...
2025-03-14 13:46:45 [INFO] whatsapp_bot: Initializing Group Manager...
2025-03-14 13:46:45 [INFO] whatsapp_bot: Initializing OpenAI client...
2025-03-14 13:46:45 [INFO] whatsapp_bot: Initializing Message Processor...
2025-03-14 13:46:45 [INFO] whatsapp_bot: Initializing Supabase client...
2025-03-14 13:46:47 [INFO] whatsapp_bot: Testing Supabase connection...
2025-03-14 13:46:47 [ERROR] whatsapp_bot: Failed to initialize Supabase client: Invalid response format from Supabase
Traceback (most recent call last):
  File "D:\MY PROJECTS\AI\LLM\AI Code Gen\my-builds\Bots\custom-beer-bot-v7\menu\core.py", line 130, in initialize_components
    raise ConnectionError("Invalid response format from Supabase")
ConnectionError: Invalid response format from Supabase
2025-03-14 13:46:47 [ERROR] whatsapp_bot: Component initialization failed: Failed to connect to Supabase: Invalid response format from Supabase
Traceback (most recent call last):
  File "D:\MY PROJECTS\AI\LLM\AI Code Gen\my-builds\Bots\custom-beer-bot-v7\menu\core.py", line 130, in initialize_components
    raise ConnectionError("Invalid response format from Supabase")
ConnectionError: Invalid response format from Supabase

During handling of the above exception, another exception occurred:

Traceback (most recent call last):
  File "D:\MY PROJECTS\AI\LLM\AI Code Gen\my-builds\Bots\custom-beer-bot-v7\menu\core.py", line 134, in initialize_components
    raise ConnectionError(f"Failed to connect to Supabase: {str(e)}")
ConnectionError: Failed to connect to Supabase: Invalid response format from Supabase
2025-03-14 13:46:47 [ERROR] whatsapp_bot: Fatal error during initialization: Failed to connect to Supabase: Invalid response format from Supabase
Traceback (most recent call last):
  File "D:\MY PROJECTS\AI\LLM\AI Code Gen\my-builds\Bots\custom-beer-bot-v7\menu\core.py", line 130, in initialize_components
    raise ConnectionError("Invalid response format from Supabase")
ConnectionError: Invalid response format from Supabase

During handling of the above exception, another exception occurred:

Traceback (most recent call last):
  File "D:\MY PROJECTS\AI\LLM\AI Code Gen\my-builds\Bots\custom-beer-bot-v7\menu\core.py", line 134, in initialize_components
    raise ConnectionError(f"Failed to connect to Supabase: {str(e)}")
ConnectionError: Failed to connect to Supabase: Invalid response format from Supabase
2025-03-14 13:46:47 [ERROR] whatsapp_bot: Fatal error (attempt 1/3): Failed to connect to Supabase: Invalid response format from Supabase
Traceback (most recent call last):
  File "D:\MY PROJECTS\AI\LLM\AI Code Gen\my-builds\Bots\custom-beer-bot-v7\menu\core.py", line 130, in initialize_components
    raise ConnectionError("Invalid response format from Supabase")
ConnectionError: Invalid response format from Supabase

During handling of the above exception, another exception occurred:

Traceback (most recent call last):
  File "D:\MY PROJECTS\AI\LLM\AI Code Gen\my-builds\Bots\custom-beer-bot-v7\menu\core.py", line 177, in run_main_menu
    components = initialize_components()
  File "D:\MY PROJECTS\AI\LLM\AI Code Gen\my-builds\Bots\custom-beer-bot-v7\menu\core.py", line 134, in initialize_components
    raise ConnectionError(f"Failed to connect to Supabase: {str(e)}")
ConnectionError: Failed to connect to Supabase: Invalid response format from Supabase
2025-03-14 13:49:56 [INFO] whatsapp_bot: Starting WhatsApp Group Summary Bot Menu...
2025-03-14 13:49:56 [INFO] whatsapp_bot: Starting component initialization
2025-03-14 13:49:56 [INFO] whatsapp_bot: Environment variables loaded
2025-03-14 13:49:56 [INFO] whatsapp_bot: User settings loaded successfully
2025-03-14 13:49:56 [INFO] whatsapp_bot: User settings loaded
2025-03-14 13:49:56 [INFO] whatsapp_bot: Initializing Green API client...
2025-03-14 13:49:56 [INFO] whatsapp_bot: Initializing Group Manager...
2025-03-14 13:49:56 [INFO] whatsapp_bot: Initializing OpenAI client...
2025-03-14 13:49:56 [INFO] whatsapp_bot: Initializing Message Processor...
2025-03-14 13:49:56 [INFO] whatsapp_bot: Initializing Supabase client...
2025-03-14 13:49:57 [INFO] whatsapp_bot: Supabase client initialized successfully
2025-03-14 13:49:57 [INFO] whatsapp_bot: All components initialized successfully
2025-03-14 13:49:57 [INFO] whatsapp_bot: Main menu started successfully
2025-03-14 13:50:36 [INFO] whatsapp_bot: Starting summary generation flow
2025-03-14 13:50:45 [INFO] whatsapp_bot: Group selected: Custom Beer Node - ×§×‘×•×¦×” ×œ××¤×’×©×™× ×•×—×¤×™×¨×•×ª ×¢×œ ×›×œ×™ ×‘×™× ×” ××œ××›×•×ª×™×ª
2025-03-14 13:50:47 [INFO] whatsapp_bot: Time period selected: 1 days
2025-03-14 13:51:00 [ERROR] whatsapp_bot: Invalid summary generated
2025-03-14 13:51:07 [INFO] whatsapp_bot: Starting summary generation flow
2025-03-14 13:51:10 [INFO] whatsapp_bot: Group selected: Custom Beer Node - ×§×‘×•×¦×” ×œ××¤×’×©×™× ×•×—×¤×™×¨×•×ª ×¢×œ ×›×œ×™ ×‘×™× ×” ××œ××›×•×ª×™×ª
2025-03-14 13:51:12 [INFO] whatsapp_bot: Time period selected: 1 days
2025-03-14 13:51:15 [ERROR] whatsapp_bot: Invalid summary generated
2025-03-14 20:08:03 [DEBUG] whatsapp_bot: Logger initialized with level DEBUG
2025-03-14 20:08:03 [INFO] whatsapp_bot: Starting WhatsApp Group Summary Bot...
2025-03-14 20:08:03 [INFO] whatsapp_bot: Initializing components...
2025-03-14 20:08:03 [INFO] whatsapp_bot: Initializing Supabase client...
2025-03-14 20:08:05 [INFO] whatsapp_bot: Supabase client initialized successfully
2025-03-14 20:08:07 [INFO] whatsapp_bot: Connected to group: Custom Beer Node - ×§×‘×•×¦×” ×œ××¤×’×©×™× ×•×—×¤×™×¨×•×ª ×¢×œ ×›×œ×™ ×‘×™× ×” ××œ××›×•×ª×™×ª (ID: 120363271484974874@g.us)
2025-03-14 20:08:07 [INFO] whatsapp_bot: Running scheduled summary for group 120363271484974874@g.us
2025-03-14 20:08:15 [INFO] whatsapp_bot: Stored 29 messages in database
2025-03-14 20:08:22 [INFO] whatsapp_bot: Summary stored in database
2025-03-14 20:08:22 [INFO] whatsapp_bot: â›” Message sending is currently disabled for safety.
2025-03-14 20:08:22 [INFO] whatsapp_bot: Summary not sent to group.
2025-03-14 20:08:22 [INFO] whatsapp_bot: Summary content: ## ×¡×™×›×•× ×©×™×—×•×ª ×§×‘×•×¦×ª Custom Beer Node
### ×ª××¨×™×š: 14 ×‘××¨×¥ 2025 | ×ª×§×•×¤×”: ×™×•× ×”×©×™×—×”

### ğŸ˜‚ ×‘×“×™×—×ª AI ×”×™×•×:
×œ××” ×”×‘×™× ×” ×”××œ××›×•×ª×™×ª ×œ× ××¦×œ×™×—×” ×œ×¡×¤×¨ ×‘×“×™×—×•×ª? ×›×™ ×”×™× ×ª××™×“ ××—×¤×©×ª ××ª ×”×¤×× ×¦'×œ×™×™×Ÿ ×‘×¤×•×¨××˜!

### 1. ×¤×¨×•×™×§×˜×™× ×•×¤×™×ª×•×—×™× ×©×”×•×¦×’×•
- **Sesame** - Oded Becker - ×›×œ×™ ×§×•×“ ×¤×ª×•×— ×œ×¤×™×ª×•×— ×‘×ª×—×•× ×”×‘×™× ×” ×”××œ××›×•×ª×™×ª.

### 2. ×ª×•×¦×¨×™× ×•×“××•××™× ×©×”×•×¦×’×•
- **×“××• ×©×œ Relight** - ××‘×¨×”× ×™×¦×—×§ ×××™×¨ - ×“××• ×œ×”×“×’××ª ×™×›×•×œ×•×ª ×ª×•×›× ×” ×‘×ª×—×•×.

### 3. ×›×œ×™× ×•×˜×›× ×•×œ×•×’×™×•×ª ×—×“×©×™× ×©× ×“×•× ×•
- **ComfyUI** - ×œ×™××•×¨ - ×›×œ×™ ×œ×”×¡×¨×ª ×¨×§×¢×™× ×‘×’×¨×¡×” 2.0.
- **Hedra** - Itay - ××ª×¨ ×—×“×© ×‘×ª×—×•×.

### 4. ×‘×¢×™×•×ª ×˜×›× ×™×•×ª ×•×¤×ª×¨×•× ×•×ª ×©×”×•×¦×¢×•
- **×–×œ×™×’×ª ××ª×—** - V.K.Riez - ×”×¦×™×¢ ×œ×”×›× ×™×¡ ××ª ×”-GPU ×œ×¡×˜×¨×¡ ×¢× ×˜×¡×˜ ×¡×™× ×˜×˜×™.
- **×›×™×‘×•×™ ××¡×š** - Beep Beep - ×“×™×•×•×— ×¢×œ ×‘×¢×™×” ×•-SoundGuy ×”×¦×™×¢ ×œ×‘×“×•×§ ××ª ×—×™×‘×•×¨×™ ×”-HDMI.

### 5. ××©××‘×™× ×•××××¨×™× ×©×”×•×¢×‘×¨×•
- **××××¨ ×¢×œ AI** - ×©×™×ª×£ Asaf.
- **Flying Effect Model** - ×©×™×ª×£ derechlev.

### 6. ×©××œ×•×ª ×¤×ª×•×—×•×ª ×•×ª×—×•××™ ×¢× ×™×™×Ÿ ×œ×¢×ª×™×“
- **×“×¨×™×©×•×ª ×œ××™××•×Ÿ ××•×“×œ ×œ×•×¨×”** - ×”×•×¢×œ×” ×¢×œ ×™×“×™ Maya.

### 7. ×—×™×“×•×©×™× ×‘×ª×—×•× ×‘×™× ×” ××œ××›×•×ª×™×ª ×’× ×¨×˜×™×‘×™×ª
- ×œ× ×”×•×–×›×¨×• ×—×™×“×•×©×™× ×‘×ª×—×•×.

### 8. ×§×™×©×•×¨×™× ×¨×œ×•×•× ×˜×™×™×
- [Sesame GitHub](https://github.com/SesameAILabs/csm)
- [ComfyUI](https://github.com/1038lab/ComfyUI-RMBG)
- [Hedra](https://www.hedra.com/)

×”×©×™×—×” ×›×œ×œ×” ×¢×“×›×•× ×™× ×¢×œ ×¤×¨×•×™×§×˜×™× ×•×›×œ×™× ×—×“×©×™×, ×ª×•×¦×¨×™× ×©×”×•×¦×’×•, ×‘×¢×™×•×ª ×˜×›× ×™×•×ª ×¢× ×¤×ª×¨×•× ×•×ª, ×•××©××‘×™× ×©×”×•×¢×‘×¨×•.
2025-03-14 20:08:22 [INFO] whatsapp_bot: Summary task scheduled to run every 99999 hours
2025-03-14 20:08:22 [INFO] whatsapp_bot: Bot is running. Press Ctrl+C to stop.
2025-03-14 20:08:57 [INFO] whatsapp_bot: Shutdown signal received
2025-03-14 20:08:57 [INFO] whatsapp_bot: Shutting down WhatsApp Group Summary Bot...
2025-03-14 20:15:30 [INFO] whatsapp_bot: Starting WhatsApp Group Summary Bot Menu...
2025-03-14 20:15:30 [INFO] whatsapp_bot: Starting component initialization
2025-03-14 20:15:30 [INFO] whatsapp_bot: Environment variables loaded
2025-03-14 20:15:30 [INFO] whatsapp_bot: Loaded 1 user settings
2025-03-14 20:15:30 [INFO] whatsapp_bot: User settings loaded
2025-03-14 20:15:30 [INFO] whatsapp_bot: Initializing Green API client...
2025-03-14 20:15:30 [INFO] whatsapp_bot: Initializing Group Manager...
2025-03-14 20:15:30 [INFO] whatsapp_bot: Initializing OpenAI client...
2025-03-14 20:15:30 [INFO] whatsapp_bot: Initializing Message Processor...
2025-03-14 20:15:30 [INFO] whatsapp_bot: Initializing Supabase client...
2025-03-14 20:15:31 [INFO] whatsapp_bot: Supabase client initialized successfully
2025-03-14 20:15:31 [INFO] whatsapp_bot: All components initialized successfully
2025-03-14 20:15:31 [INFO] whatsapp_bot: Main menu started successfully
